#
# There is insufficient memory for the Java Runtime Environment to continue.
# Native memory allocation (malloc) failed to allocate 166112 bytes for Chunk::new
# Possible reasons:
#   The system is out of physical RAM or swap space
#   In 32 bit mode, the process size limit was hit
# Possible solutions:
#   Reduce memory load on the system
#   Increase physical memory or swap space
#   Check if swap backing store is full
#   Use 64 bit Java on a 64 bit OS
#   Decrease Java heap size (-Xmx/-Xms)
#   Decrease number of Java threads
#   Decrease Java thread stack sizes (-Xss)
#   Set larger code cache with -XX:ReservedCodeCacheSize=
# This output file may be truncated or incomplete.
#
#  Out of Memory Error (allocation.cpp:390), pid=15688, tid=14704
#
# JRE version: Java(TM) SE Runtime Environment (8.0_73-b02) (build 1.8.0_73-b02)
# Java VM: Java HotSpot(TM) 64-Bit Server VM (25.73-b02 mixed mode windows-amd64 compressed oops)
# Failed to write core dump. Minidumps are not enabled by default on client versions of Windows
#

---------------  T H R E A D  ---------------

Current thread (0x0000000017c7e000):  JavaThread "C2 CompilerThread0" daemon [_thread_in_native, id=14704, stack(0x00000000192f0000,0x00000000193f0000)]

Stack: [0x00000000192f0000,0x00000000193f0000]
[error occurred during error reporting (printing stack bounds), id 0xc0000005]

Native frames: (J=compiled Java code, j=interpreted, Vv=VM code, C=native code)


Current CompileTask:
C2:  36949 3029       4       java.util.concurrent.AbstractExecutorService::submit (25 bytes)


---------------  P R O C E S S  ---------------

Java Threads: ( => current thread )
  0x0000000019925000 JavaThread "pool-3-thread-1" [_thread_blocked, id=4512, stack(0x000000001b4c0000,0x000000001b5c0000)]
  0x000000001a247000 JavaThread "pool-2-thread-1" [_thread_in_Java, id=18260, stack(0x000000001b3c0000,0x000000001b4c0000)]
  0x0000000017cce800 JavaThread "Service Thread" daemon [_thread_blocked, id=14096, stack(0x00000000199f0000,0x0000000019af0000)]
  0x0000000017c78800 JavaThread "C1 CompilerThread2" daemon [_thread_blocked, id=18440, stack(0x00000000194f0000,0x00000000195f0000)]
  0x0000000017c6e000 JavaThread "C2 CompilerThread1" daemon [_thread_blocked, id=12060, stack(0x00000000193f0000,0x00000000194f0000)]
=>0x0000000017c7e000 JavaThread "C2 CompilerThread0" daemon [_thread_in_native, id=14704, stack(0x00000000192f0000,0x00000000193f0000)]
  0x0000000017c7c000 JavaThread "Attach Listener" daemon [_thread_blocked, id=11112, stack(0x00000000191f0000,0x00000000192f0000)]
  0x0000000017c7b000 JavaThread "Signal Dispatcher" daemon [_thread_blocked, id=18684, stack(0x00000000190f0000,0x00000000191f0000)]
  0x000000000304a000 JavaThread "Finalizer" daemon [_thread_blocked, id=18624, stack(0x0000000018f00000,0x0000000019000000)]
  0x0000000003041000 JavaThread "Reference Handler" daemon [_thread_blocked, id=15724, stack(0x0000000018e00000,0x0000000018f00000)]
  0x0000000002f4e800 JavaThread "main" [_thread_in_Java, id=17276, stack(0x0000000002e00000,0x0000000002f00000)]

Other Threads:
  0x0000000017c39000 VMThread [stack: 0x0000000018d00000,0x0000000018e00000] [id=1232]
  0x0000000019629800 WatcherThread [stack: 0x0000000019af0000,0x0000000019bf0000] [id=7732]

VM state:not at safepoint (normal execution)

VM Mutex/Monitor currently owned by a thread: None

Heap:
 PSYoungGen      total 465920K, used 70467K [0x00000000d5580000, 0x0000000100000000, 0x0000000100000000)
  eden space 232960K, 21% used [0x00000000d5580000,0x00000000d86613c8,0x00000000e3900000)
  from space 232960K, 8% used [0x00000000f1c80000,0x00000000f306f8a0,0x0000000100000000)
  to   space 232960K, 0% used [0x00000000e3900000,0x00000000e3900000,0x00000000f1c80000)
 ParOldGen       total 974848K, used 670438K [0x0000000080000000, 0x00000000bb800000, 0x00000000d5580000)
  object space 974848K, 68% used [0x0000000080000000,0x00000000a8eb99b8,0x00000000bb800000)
 Metaspace       used 6608K, capacity 7320K, committed 7680K, reserved 1056768K
  class space    used 626K, capacity 656K, committed 768K, reserved 1048576K

Card table byte_map: [0x0000000012410000,0x0000000012820000] byte_map_base: 0x0000000012010000

Marking Bits: (ParMarkBitMap*) 0x000000006c6e0600
 Begin Bits: [0x0000000012ed0000, 0x0000000014ed0000)
 End Bits:   [0x0000000014ed0000, 0x0000000016ed0000)

Polling page: 0x0000000001480000

CodeCache: size=245760Kb used=11240Kb max_used=13767Kb free=234519Kb
 bounds [0x0000000003050000, 0x0000000003df0000, 0x0000000012050000]
 total_blobs=2634 nmethods=2364 adapters=182
 compilation: enabled

Compilation events (10 events):
Event: 36.856 Thread 0x0000000017c6e000 3031       4       java.util.zip.ZipCoder::getBytes (192 bytes)
Event: 36.866 Thread 0x0000000017c6e000 nmethod 3031 0x000000000321fe50 code [0x0000000003220000, 0x00000000032205b0]
Event: 36.867 Thread 0x0000000017c6e000 3032   !   4       java.util.concurrent.FutureTask::run (126 bytes)
Event: 36.876 Thread 0x0000000017c78800 3033       3       com.android.dx.ssa.NormalSsaInsn::setNewSources (46 bytes)
Event: 36.877 Thread 0x0000000017c78800 nmethod 3033 0x0000000003297850 code [0x00000000032979e0, 0x0000000003298018]
Event: 36.877 Thread 0x0000000017c78800 3034       3       com.android.dx.ssa.NormalSsaInsn::upgradeToLiteral (32 bytes)
Event: 36.878 Thread 0x0000000017c78800 nmethod 3034 0x000000000352d290 code [0x000000000352d420, 0x000000000352d8f8]
Event: 36.878 Thread 0x0000000017c78800 3035   !   3       com.android.dx.rop.code.PlainInsn::withSourceLiteral (216 bytes)
Event: 36.880 Thread 0x0000000017c78800 nmethod 3035 0x000000000348f550 code [0x000000000348f880, 0x0000000003491b08]
Event: 36.933 Thread 0x0000000017c6e000 nmethod 3032 0x0000000003286d90 code [0x0000000003287040, 0x0000000003288918]

GC Heap History (10 events):
Event: 30.345 GC heap before
{Heap before GC invocations=17 (full 2):
 PSYoungGen      total 431616K, used 431598K [0x00000000d5580000, 0x0000000100000000, 0x0000000100000000)
  eden space 232960K, 100% used [0x00000000d5580000,0x00000000e3900000,0x00000000e3900000)
  from space 198656K, 99% used [0x00000000f3e00000,0x00000000ffffb820,0x0000000100000000)
  to   space 232960K, 0% used [0x00000000e3900000,0x00000000e3900000,0x00000000f1c80000)
 ParOldGen       total 615936K, used 413112K [0x0000000080000000, 0x00000000a5980000, 0x00000000d5580000)
  object space 615936K, 67% used [0x0000000080000000,0x000000009936e138,0x00000000a5980000)
 Metaspace       used 6606K, capacity 7320K, committed 7680K, reserved 1056768K
  class space    used 626K, capacity 656K, committed 768K, reserved 1048576K
Event: 30.650 GC heap after
Heap after GC invocations=17 (full 2):
 PSYoungGen      total 465920K, used 175956K [0x00000000d5580000, 0x0000000100000000, 0x0000000100000000)
  eden space 232960K, 0% used [0x00000000d5580000,0x00000000d5580000,0x00000000e3900000)
  from space 232960K, 75% used [0x00000000e3900000,0x00000000ee4d5108,0x00000000f1c80000)
  to   space 232960K, 0% used [0x00000000f1c80000,0x00000000f1c80000,0x0000000100000000)
 ParOldGen       total 615936K, used 518703K [0x0000000080000000, 0x00000000a5980000, 0x00000000d5580000)
  object space 615936K, 84% used [0x0000000080000000,0x000000009fa8bfa0,0x00000000a5980000)
 Metaspace       used 6606K, capacity 7320K, committed 7680K, reserved 1056768K
  class space    used 626K, capacity 656K, committed 768K, reserved 1048576K
}
Event: 30.650 GC heap before
{Heap before GC invocations=18 (full 3):
 PSYoungGen      total 465920K, used 175956K [0x00000000d5580000, 0x0000000100000000, 0x0000000100000000)
  eden space 232960K, 0% used [0x00000000d5580000,0x00000000d5580000,0x00000000e3900000)
  from space 232960K, 75% used [0x00000000e3900000,0x00000000ee4d5108,0x00000000f1c80000)
  to   space 232960K, 0% used [0x00000000f1c80000,0x00000000f1c80000,0x0000000100000000)
 ParOldGen       total 615936K, used 518703K [0x0000000080000000, 0x00000000a5980000, 0x00000000d5580000)
  object space 615936K, 84% used [0x0000000080000000,0x000000009fa8bfa0,0x00000000a5980000)
 Metaspace       used 6606K, capacity 7320K, committed 7680K, reserved 1056768K
  class space    used 626K, capacity 656K, committed 768K, reserved 1048576K
Event: 34.217 GC heap after
Heap after GC invocations=18 (full 3):
 PSYoungGen      total 465920K, used 0K [0x00000000d5580000, 0x0000000100000000, 0x0000000100000000)
  eden space 232960K, 0% used [0x00000000d5580000,0x00000000d5580000,0x00000000e3900000)
  from space 232960K, 0% used [0x00000000e3900000,0x00000000e3900000,0x00000000f1c80000)
  to   space 232960K, 0% used [0x00000000f1c80000,0x00000000f1c80000,0x0000000100000000)
 ParOldGen       total 974848K, used 609271K [0x0000000080000000, 0x00000000bb800000, 0x00000000d5580000)
  object space 974848K, 62% used [0x0000000080000000,0x00000000a52fdd98,0x00000000bb800000)
 Metaspace       used 6606K, capacity 7320K, committed 7680K, reserved 1056768K
  class space    used 626K, capacity 656K, committed 768K, reserved 1048576K
}
Event: 34.970 GC heap before
{Heap before GC invocations=19 (full 3):
 PSYoungGen      total 465920K, used 232960K [0x00000000d5580000, 0x0000000100000000, 0x0000000100000000)
  eden space 232960K, 100% used [0x00000000d5580000,0x00000000e3900000,0x00000000e3900000)
  from space 232960K, 0% used [0x00000000e3900000,0x00000000e3900000,0x00000000f1c80000)
  to   space 232960K, 0% used [0x00000000f1c80000,0x00000000f1c80000,0x0000000100000000)
 ParOldGen       total 974848K, used 609271K [0x0000000080000000, 0x00000000bb800000, 0x00000000d5580000)
  object space 974848K, 62% used [0x0000000080000000,0x00000000a52fdd98,0x00000000bb800000)
 Metaspace       used 6606K, capacity 7320K, committed 7680K, reserved 1056768K
  class space    used 626K, capacity 656K, committed 768K, reserved 1048576K
Event: 35.048 GC heap after
Heap after GC invocations=19 (full 3):
 PSYoungGen      total 465920K, used 96834K [0x00000000d5580000, 0x0000000100000000, 0x0000000100000000)
  eden space 232960K, 0% used [0x00000000d5580000,0x00000000d5580000,0x00000000e3900000)
  from space 232960K, 41% used [0x00000000f1c80000,0x00000000f7b108a0,0x0000000100000000)
  to   space 232960K, 0% used [0x00000000e3900000,0x00000000e3900000,0x00000000f1c80000)
 ParOldGen       total 974848K, used 609271K [0x0000000080000000, 0x00000000bb800000, 0x00000000d5580000)
  object space 974848K, 62% used [0x0000000080000000,0x00000000a52fdd98,0x00000000bb800000)
 Metaspace       used 6606K, capacity 7320K, committed 7680K, reserved 1056768K
  class space    used 626K, capacity 656K, committed 768K, reserved 1048576K
}
Event: 35.777 GC heap before
{Heap before GC invocations=20 (full 3):
 PSYoungGen      total 465920K, used 329794K [0x00000000d5580000, 0x0000000100000000, 0x0000000100000000)
  eden space 232960K, 100% used [0x00000000d5580000,0x00000000e3900000,0x00000000e3900000)
  from space 232960K, 41% used [0x00000000f1c80000,0x00000000f7b108a0,0x0000000100000000)
  to   space 232960K, 0% used [0x00000000e3900000,0x00000000e3900000,0x00000000f1c80000)
 ParOldGen       total 974848K, used 609271K [0x0000000080000000, 0x00000000bb800000, 0x00000000d5580000)
  object space 974848K, 62% used [0x0000000080000000,0x00000000a52fdd98,0x00000000bb800000)
 Metaspace       used 6606K, capacity 7320K, committed 7680K, reserved 1056768K
  class space    used 626K, capacity 656K, committed 768K, reserved 1048576K
Event: 35.898 GC heap after
Heap after GC invocations=20 (full 3):
 PSYoungGen      total 465920K, used 50980K [0x00000000d5580000, 0x0000000100000000, 0x0000000100000000)
  eden space 232960K, 0% used [0x00000000d5580000,0x00000000d5580000,0x00000000e3900000)
  from space 232960K, 21% used [0x00000000e3900000,0x00000000e6ac9218,0x00000000f1c80000)
  to   space 232960K, 0% used [0x00000000f1c80000,0x00000000f1c80000,0x0000000100000000)
 ParOldGen       total 974848K, used 645604K [0x0000000080000000, 0x00000000bb800000, 0x00000000d5580000)
  object space 974848K, 66% used [0x0000000080000000,0x00000000a76791a0,0x00000000bb800000)
 Metaspace       used 6606K, capacity 7320K, committed 7680K, reserved 1056768K
  class space    used 626K, capacity 656K, committed 768K, reserved 1048576K
}
Event: 36.714 GC heap before
{Heap before GC invocations=21 (full 3):
 PSYoungGen      total 465920K, used 283940K [0x00000000d5580000, 0x0000000100000000, 0x0000000100000000)
  eden space 232960K, 100% used [0x00000000d5580000,0x00000000e3900000,0x00000000e3900000)
  from space 232960K, 21% used [0x00000000e3900000,0x00000000e6ac9218,0x00000000f1c80000)
  to   space 232960K, 0% used [0x00000000f1c80000,0x00000000f1c80000,0x0000000100000000)
 ParOldGen       total 974848K, used 645604K [0x0000000080000000, 0x00000000bb800000, 0x00000000d5580000)
  object space 974848K, 66% used [0x0000000080000000,0x00000000a76791a0,0x00000000bb800000)
 Metaspace       used 6606K, capacity 7320K, committed 7680K, reserved 1056768K
  class space    used 626K, capacity 656K, committed 768K, reserved 1048576K
Event: 36.778 GC heap after
Heap after GC invocations=21 (full 3):
 PSYoungGen      total 465920K, used 20414K [0x00000000d5580000, 0x0000000100000000, 0x0000000100000000)
  eden space 232960K, 0% used [0x00000000d5580000,0x00000000d5580000,0x00000000e3900000)
  from space 232960K, 8% used [0x00000000f1c80000,0x00000000f306f8a0,0x0000000100000000)
  to   space 232960K, 0% used [0x00000000e3900000,0x00000000e3900000,0x00000000f1c80000)
 ParOldGen       total 974848K, used 670438K [0x0000000080000000, 0x00000000bb800000, 0x00000000d5580000)
  object space 974848K, 68% used [0x0000000080000000,0x00000000a8eb99b8,0x00000000bb800000)
 Metaspace       used 6606K, capacity 7320K, committed 7680K, reserved 1056768K
  class space    used 626K, capacity 656K, committed 768K, reserved 1048576K
}

Deoptimization events (10 events):
Event: 27.593 Thread 0x0000000002f4e800 Uncommon trap: reason=class_check action=maybe_recompile pc=0x000000000391fb58 method=com.android.dx.ssa.back.InterferenceGraph.mergeInterferenceSet(ILcom/android/dx/util/IntSet;)V @ 20
Event: 27.593 Thread 0x0000000002f4e800 Uncommon trap: reason=class_check action=maybe_recompile pc=0x0000000003cf623c method=com.android.dx.util.BitIntSet.merge(Lcom/android/dx/util/IntSet;)V @ 1
Event: 27.595 Thread 0x0000000002f4e800 Uncommon trap: reason=class_check action=maybe_recompile pc=0x000000000391fb58 method=com.android.dx.ssa.back.InterferenceGraph.mergeInterferenceSet(ILcom/android/dx/util/IntSet;)V @ 20
Event: 27.595 Thread 0x0000000002f4e800 Uncommon trap: reason=class_check action=maybe_recompile pc=0x0000000003cf623c method=com.android.dx.util.BitIntSet.merge(Lcom/android/dx/util/IntSet;)V @ 1
Event: 27.595 Thread 0x0000000002f4e800 Uncommon trap: reason=class_check action=maybe_recompile pc=0x000000000391fb58 method=com.android.dx.ssa.back.InterferenceGraph.mergeInterferenceSet(ILcom/android/dx/util/IntSet;)V @ 20
Event: 27.595 Thread 0x0000000002f4e800 Uncommon trap: reason=class_check action=maybe_recompile pc=0x0000000003cf623c method=com.android.dx.util.BitIntSet.merge(Lcom/android/dx/util/IntSet;)V @ 1
Event: 27.601 Thread 0x0000000002f4e800 Uncommon trap: reason=class_check action=maybe_recompile pc=0x000000000391fb58 method=com.android.dx.ssa.back.InterferenceGraph.mergeInterferenceSet(ILcom/android/dx/util/IntSet;)V @ 20
Event: 27.601 Thread 0x0000000002f4e800 Uncommon trap: reason=class_check action=maybe_recompile pc=0x0000000003cf623c method=com.android.dx.util.BitIntSet.merge(Lcom/android/dx/util/IntSet;)V @ 1
Event: 28.651 Thread 0x000000001a247000 Uncommon trap: reason=predicate action=maybe_recompile pc=0x0000000003bff7f0 method=com.android.dx.ssa.back.InterferenceGraph.<init>(I)V @ 23
Event: 36.691 Thread 0x0000000002f4e800 Uncommon trap: reason=unstable_if action=reinterpret pc=0x000000000331f1e8 method=com.android.dx.ssa.InterferenceRegisterMapper.areAnyPinned(Lcom/android/dx/rop/code/RegisterSpecList;II)Z @ 55

Internal exceptions (10 events):
Event: 0.045 Thread 0x0000000002f4e800 Exception <a 'java/lang/NoSuchMethodError': Method sun.misc.Unsafe.prefetchRead(Ljava/lang/Object;J)V name or signature does not match> (0x00000000d558e0c8) thrown at [D:\re\puppet\workspace\8-2-build-windows-amd64-cygwin\jdk8u73\6086\hotspot\src\share\vm\ké\n­Jõ?
Event: 1.331 Thread 0x0000000002f4e800 Exception <a 'java/lang/ArrayIndexOutOfBoundsException': 18> (0x00000000d6b919b8) thrown at [D:\re\puppet\workspace\8-2-build-windows-amd64-cygwin\jdk8u73\6086\hotspot\src\share\vm\interpreter\interpreterRuntime.cpp, line 366]
Event: 1.332 Thread 0x0000000002f4e800 Exception <a 'java/lang/ArrayIndexOutOfBoundsException': 145> (0x00000000d6b93538) thrown at [D:\re\puppet\workspace\8-2-build-windows-amd64-cygwin\jdk8u73\6086\hotspot\src\share\vm\interpreter\interpreterRuntime.cpp, line 366]
Event: 1.333 Thread 0x0000000002f4e800 Exception <a 'java/lang/ArrayIndexOutOfBoundsException'> (0x00000000d6b94820) thrown at [D:\re\puppet\workspace\8-2-build-windows-amd64-cygwin\jdk8u73\6086\hotspot\src\share\vm\runtime\sharedRuntime.cpp, line 605]
Event: 1.367 Thread 0x0000000002f4e800 Implicit null exception at 0x00000000033f6fa2 to 0x00000000033f7092
Event: 1.897 Thread 0x0000000002f4e800 Implicit null exception at 0x000000000366c4e3 to 0x000000000366d58d
Event: 6.276 Thread 0x000000001a247000 Implicit null exception at 0x000000000393c704 to 0x00000000039462e9
Event: 6.831 Thread 0x0000000002f4e800 Implicit null exception at 0x0000000003192478 to 0x00000000031928ad
Event: 8.562 Thread 0x000000001a247000 Implicit null exception at 0x000000000378793f to 0x0000000003789075
Event: 15.100 Thread 0x000000001a247000 Implicit null exception at 0x00000000036d388d to 0x00000000036d5a25

Events (10 events):
Event: 34.217 Executing VM operation: ParallelGCFailedAllocation done
Event: 34.970 Executing VM operation: ParallelGCFailedAllocation
Event: 35.048 Executing VM operation: ParallelGCFailedAllocation done
Event: 35.777 Executing VM operation: ParallelGCFailedAllocation
Event: 35.899 Executing VM operation: ParallelGCFailedAllocation done
Event: 36.691 Thread 0x0000000002f4e800 Uncommon trap: trap_request=0xffffff65 fr.pc=0x000000000331f1e8
Event: 36.691 Thread 0x0000000002f4e800 DEOPT PACKING pc=0x000000000331f1e8 sp=0x0000000002efe1a0
Event: 36.691 Thread 0x0000000002f4e800 DEOPT UNPACKING pc=0x000000000309582a sp=0x0000000002efe120 mode 2
Event: 36.713 Executing VM operation: ParallelGCFailedAllocation
Event: 36.778 Executing VM operation: ParallelGCFailedAllocation done


Dynamic libraries:
0x00007ff7f3e00000 - 0x00007ff7f3e37000 	C:\PROGRA~1\Java\JDK18~1.0_7\bin\java.exe
0x00007ffae2070000 - 0x00007ffae2241000 	C:\WINDOWS\SYSTEM32\ntdll.dll
0x00007ffadf8c0000 - 0x00007ffadf96b000 	C:\WINDOWS\System32\KERNEL32.DLL
0x00007ffadf2d0000 - 0x00007ffadf4ed000 	C:\WINDOWS\System32\KERNELBASE.dll
0x00007ffae17d0000 - 0x00007ffae1872000 	C:\WINDOWS\System32\ADVAPI32.dll
0x00007ffae1600000 - 0x00007ffae169e000 	C:\WINDOWS\System32\msvcrt.dll
0x00007ffadfc90000 - 0x00007ffadfce9000 	C:\WINDOWS\System32\sechost.dll
0x00007ffae16a0000 - 0x00007ffae17c1000 	C:\WINDOWS\System32\RPCRT4.dll
0x00007ffadfa50000 - 0x00007ffadfbb5000 	C:\WINDOWS\System32\USER32.dll
0x00007ffadf4f0000 - 0x00007ffadf50e000 	C:\WINDOWS\System32\win32u.dll
0x00007ffadfbc0000 - 0x00007ffadfbf4000 	C:\WINDOWS\System32\GDI32.dll
0x00007ffadefe0000 - 0x00007ffadf162000 	C:\WINDOWS\System32\gdi32full.dll
0x00007ffad32c0000 - 0x00007ffad3539000 	C:\WINDOWS\WinSxS\amd64_microsoft.windows.common-controls_6595b64144ccf1df_6.0.14393.447_none_42191651c6827bb3\COMCTL32.dll
0x00007ffadfcf0000 - 0x00007ffadffb8000 	C:\WINDOWS\System32\combase.dll
0x00007ffade5d0000 - 0x00007ffade6c5000 	C:\WINDOWS\System32\ucrtbase.dll
0x00007ffade560000 - 0x00007ffade5ca000 	C:\WINDOWS\System32\bcryptPrimitives.dll
0x00007ffadfc00000 - 0x00007ffadfc2e000 	C:\WINDOWS\System32\IMM32.DLL
0x00007ffade3e0000 - 0x00007ffade410000 	C:\WINDOWS\system32\DriverStore\FileRepository\nvcvwu.inf_amd64_ce404631a9227a5b\nvinitx.dll
0x00007ffade3d0000 - 0x00007ffade3da000 	C:\WINDOWS\SYSTEM32\VERSION.dll
0x00007ffadffc0000 - 0x00007ffae14c9000 	C:\WINDOWS\System32\Shell32.dll
0x00007ffadf510000 - 0x00007ffadf552000 	C:\WINDOWS\System32\cfgmgr32.dll
0x00007ffade6d0000 - 0x00007ffadedaa000 	C:\WINDOWS\System32\windows.storage.dll
0x00007ffade4e0000 - 0x00007ffade52c000 	C:\WINDOWS\System32\powrprof.dll
0x00007ffadf9e0000 - 0x00007ffadfa32000 	C:\WINDOWS\System32\shlwapi.dll
0x00007ffade530000 - 0x00007ffade53f000 	C:\WINDOWS\System32\kernel.appcore.dll
0x00007ffadf220000 - 0x00007ffadf2c9000 	C:\WINDOWS\System32\shcore.dll
0x00007ffade540000 - 0x00007ffade554000 	C:\WINDOWS\System32\profapi.dll
0x000000006e600000 - 0x000000006e606000 	C:\Program Files\NVIDIA Corporation\CoProcManager\_etoured.dll
0x00007ffadafa0000 - 0x00007ffadafdb000 	C:\Program Files\NVIDIA Corporation\CoProcManager\nvd3d9wrapx.dll
0x00007ffae1900000 - 0x00007ffae1d29000 	C:\WINDOWS\System32\SETUPAPI.dll
0x00007ffadaf00000 - 0x00007ffadaf24000 	C:\Program Files\NVIDIA Corporation\CoProcManager\nvdxgiwrapx.dll
0x000000006c760000 - 0x000000006c832000 	C:\PROGRA~1\Java\JDK18~1.0_7\jre\bin\msvcr100.dll
0x000000006bed0000 - 0x000000006c760000 	C:\PROGRA~1\Java\JDK18~1.0_7\jre\bin\server\jvm.dll
0x00007ffae18f0000 - 0x00007ffae18f8000 	C:\WINDOWS\System32\PSAPI.DLL
0x00007ffac1e50000 - 0x00007ffac1e59000 	C:\WINDOWS\SYSTEM32\WSOCK32.dll
0x00007ffadc190000 - 0x00007ffadc1b3000 	C:\WINDOWS\SYSTEM32\WINMM.dll
0x00007ffae1880000 - 0x00007ffae18ea000 	C:\WINDOWS\System32\WS2_32.dll
0x00000000014b0000 - 0x00000000014db000 	C:\WINDOWS\SYSTEM32\WINMMBASE.dll
0x000000006e2c0000 - 0x000000006e2cf000 	C:\PROGRA~1\Java\JDK18~1.0_7\jre\bin\verify.dll
0x000000006bea0000 - 0x000000006bec9000 	C:\PROGRA~1\Java\JDK18~1.0_7\jre\bin\java.dll
0x000000006e160000 - 0x000000006e176000 	C:\PROGRA~1\Java\JDK18~1.0_7\jre\bin\zip.dll

VM Arguments:
jvm_args: -Xmx2g -Xss1m -Djava.ext.dirs=C:\adt-bundle-windows-x86_64-20140702\sdk\build-tools\24.0.0\lib 
java_command: C:\adt-bundle-windows-x86_64-20140702\sdk\build-tools\24.0.0\lib\dx.jar --dex --multi-dex --main-dex-list C:\Android\AndroidStudioProjects2\SetupGame\android\build\intermediates\multi-dex\release\maindexlist.txt --output C:\Android\AndroidStudioProjects2\SetupGame\android\build\intermediates\dex\release --input-list C:\Android\AndroidStudioProjects2\SetupGame\android\build\intermediates\tmp\dex\release\inputList.txt
java_class_path (initial): C:\adt-bundle-windows-x86_64-20140702\sdk\build-tools\24.0.0\lib\dx.jar
Launcher Type: SUN_STANDARD

Environment Variables:
JAVA_HOME=C:\Program Files\Java\jdk1.8.0_73
CLASSPATH=C:\Program Files (x86)\OpenNI\Bin\org.OpenNI.jar;C:\Program Files\OpenNI\Bin64\org.OpenNI.jar
PATH=C:\Program Files\NVIDIA GPU Computing Toolkit\CUDA\v7.5\bin;C:\Program Files\NVIDIA GPU Computing Toolkit\CUDA\v7.5\libnvvp;C:\ProgramData\Oracle\Java\javapath;C:\Windows\system32;C:\Windows;C:\Windows\System32\Wbem;C:\Windows\System32\WindowsPowerShell\v1.0\;C:\Program Files (x86)\NVIDIA Corporation\PhysX\Common;C:\Users\Axel\.dnx\bin;C:\Program Files\Microsoft DNX\Dnvm\;C:\Program Files (x86)\CMake\bin;c:\Program Files (x86)\Microsoft SQL Server\100\Tools\Binn\;c:\Program Files\Microsoft SQL Server\100\Tools\Binn\;c:\Program Files\Microsoft SQL Server\100\DTS\Binn\;C:\Program Files (x86)\Windows Kits\8.1\Windows Performance Toolkit\;C:\Program Files\Git\cmd;C:\OpenCV\build\install\x64\vc14\bin;C:\Program Files\PrimeSense\NITE\bin64;C:\Program Files (x86)\OpenNI\Bin;C:\Program Files\OpenNI\Bin64;C:\Program Files\Amazon\AWSCLI\;C:\Program Files\Microsoft SQL Server\110\Tools\Binn\;C:\Program Files (x86)\Microsoft SDKs\TypeScript\1.0\;C:\Program Files\Microsoft SQL Server\120\Tools\Binn\;C:\WINDOWS\system32;C:\WINDOWS;C:\WINDOWS\System32\Wbem;C:\WINDOWS\System32\WindowsPowerShell\v1.0\;C:\Program Files\Java\jdk1.6.0_43\bin;C:\Users\Axel\AppData\Local\Programs\Python\Python35-32\Scripts\;C:\Users\Axel\AppData\Local\Programs\Python\Python35-32\;C:\Qt\5.5\mingw492_32\bin;C:\Qt\5.5\mingw492_32\lib;C:\Program Files\Amazon\AWSCLI;C:\Program Files\apache-maven-3.3.9\bin;C:\adt-bundle-windows-x86_64-20140702\sdk\platform-tools;C:\Users\Axel\.babun;C:\Users\Axel\AppData\Local\Microsoft\WindowsApps;C:\Program Files\Java\jdk1.6.0_43\bin
USERNAME=Axel
OS=Windows_NT
PROCESSOR_IDENTIFIER=Intel64 Family 6 Model 42 Stepping 7, GenuineIntel



---------------  S Y S T E M  ---------------

OS: Windows 10.0 , 64 bit Build 14393 (10.0.14393.0)

CPU:total 4 (2 cores per cpu, 2 threads per core) family 6 model 42 stepping 7, cmov, cx8, fxsr, mmx, sse, sse2, sse3, ssse3, sse4.1, sse4.2, popcnt, avx, aes, clmul, ht, tsc, tscinvbit

Memory: 4k page, physical 16666040k(5142192k free), swap 16666040k(5132k free)

vm_info: Java HotSpot(TM) 64-Bit Server VM (25.73-b02) for windows-amd64 JRE (1.8.0_73-b02), built on Jan 29 2016 17:38:49 by "java_re" with MS VC++ 10.0 (VS2010)

time: Thu Feb 16 01:04:54 2017
elapsed time: 36 seconds (0d 0h 0m 36s)

